Parsing successful
Typechecking successful
localdecls.l4:7:8-9:
  NUMBER

localdecls.l4:8:7-8:
  5

localdecls.l4:18:7-12:
  42

