x a b c MEANS <<foo bar baz>>
  a [abcdef] AND b @ref qux
    AND c @nlg quux
