2025-03-12T18:00:01.068891Z | Info | updateFileDiagnostics published different from new diagnostics - file diagnostics:
File:     file:///home/mangoiv/Devel/well-typed/cclaw/l4-ide/jl4/examples/not-ok/parse-error1.l4
  Hidden:   no
  Range:    12:1-12:1
  Source:   parser
  Severity: DiagnosticSeverity_Error
  Code:     <none>
  Message:  [0;91m|12 | GIVEN n IS A NUMBER| ^^^^^unexpected GIVENexpecting ELSE or space token[0m