  |
8 | DECIDE factorial MEANS n
  |                  ^^^^^
unexpected MEANS
expecting AKA, IF, IS, OF, identifier, or space token

