Parsing successful
Typechecking successful
Info | updateFileDiagnostics published different from new diagnostics - file diagnostics:
File: foo.l4
  Hidden:   no
  Range:    1:1-1:1
  Source:   jl4
  Severity: DiagnosticSeverity_Error
  Code:     <none>
  Message: 
    One of your dependencies depends on this module and forms a cycle: foo.l4 bar.l4 qux.l4 foo.l4
