Phase: Lexer
1:1-2 SemanticTokenTypes_Operator
1:3-16 SemanticTokenTypes_Variable
2:1-23 SemanticTokenTypes_Decorator
3:1-41 SemanticTokenTypes_Decorator
4:1-6 SemanticTokenTypes_Keyword
4:7-8 SemanticTokenTypes_Variable
4:9-37 SemanticTokenTypes_Decorator
4:38-40 SemanticTokenTypes_Keyword
4:41-42 SemanticTokenTypes_Keyword
4:43-50 SemanticTokenTypes_Variable
4:50-51 SemanticTokenTypes_Operator
4:52-53 SemanticTokenTypes_Variable
4:54-56 SemanticTokenTypes_Keyword
4:57-58 SemanticTokenTypes_Keyword
4:59-66 SemanticTokenTypes_Variable
4:67-83 SemanticTokenTypes_Decorator
5:1-7 SemanticTokenTypes_Keyword
5:8-9 SemanticTokenTypes_Keyword
5:10-17 SemanticTokenTypes_Variable
5:18-37 SemanticTokenTypes_Decorator
6:1-7 SemanticTokenTypes_Keyword
6:8-11 SemanticTokenTypes_Variable
6:12-13 SemanticTokenTypes_Variable
6:14-15 SemanticTokenTypes_Variable
6:16-18 SemanticTokenTypes_Keyword
6:20-43 SemanticTokenTypes_Decorator
7:6-7 SemanticTokenTypes_Variable
7:8-11 SemanticTokenTypes_Keyword
7:12-15 SemanticTokenTypes_Keyword
7:16-17 SemanticTokenTypes_Variable
7:18-40 SemanticTokenTypes_Decorator
8:3-5 SemanticTokenTypes_Keyword
8:6-9 SemanticTokenTypes_Keyword
8:10-11 SemanticTokenTypes_Variable
8:12-15 SemanticTokenTypes_Keyword
8:16-17 SemanticTokenTypes_Variable
8:18-63 SemanticTokenTypes_Decorator

Phase: Parse
1:1-2 SemanticTokenTypes_Operator
1:3-16 SemanticTokenTypes_Interface
2:1-23 SemanticTokenTypes_Decorator
3:1-41 SemanticTokenTypes_Decorator
4:1-6 SemanticTokenTypes_Keyword
4:7-8 SemanticTokenTypes_Variable
4:9-10 SemanticTokenTypes_Operator
4:10-13 SemanticTokenTypes_Decorator
4:14-19 SemanticTokenTypes_Decorator
4:20-29 SemanticTokenTypes_Decorator
4:30-32 SemanticTokenTypes_Decorator
4:33-34 SemanticTokenTypes_Operator
4:34-35 SemanticTokenTypes_Variable
4:35-36 SemanticTokenTypes_Operator
4:36-37 SemanticTokenTypes_Operator
4:38-40 SemanticTokenTypes_Keyword
4:41-42 SemanticTokenTypes_Keyword
4:43-50 SemanticTokenTypes_Type
4:50-51 SemanticTokenTypes_Operator
4:52-53 SemanticTokenTypes_Variable
4:54-56 SemanticTokenTypes_Keyword
4:57-58 SemanticTokenTypes_Keyword
4:59-66 SemanticTokenTypes_Type
4:67-83 SemanticTokenTypes_Decorator
5:1-7 SemanticTokenTypes_Keyword
5:8-9 SemanticTokenTypes_Keyword
5:10-17 SemanticTokenTypes_Type
5:18-37 SemanticTokenTypes_Decorator
6:1-7 SemanticTokenTypes_Keyword
6:8-11 SemanticTokenTypes_Variable
6:12-13 SemanticTokenTypes_Variable
6:14-15 SemanticTokenTypes_Variable
6:16-18 SemanticTokenTypes_Keyword
6:20-43 SemanticTokenTypes_Decorator
7:6-7 SemanticTokenTypes_Variable
7:8-11 SemanticTokenTypes_Keyword
7:12-15 SemanticTokenTypes_Keyword
7:16-17 SemanticTokenTypes_Variable
7:18-40 SemanticTokenTypes_Decorator
8:3-5 SemanticTokenTypes_Keyword
8:6-9 SemanticTokenTypes_Keyword
8:10-11 SemanticTokenTypes_Variable
8:12-15 SemanticTokenTypes_Keyword
8:16-17 SemanticTokenTypes_Variable
8:18-22 SemanticTokenTypes_Decorator
8:23-30 SemanticTokenTypes_Decorator
8:31-40 SemanticTokenTypes_Decorator
8:41-44 SemanticTokenTypes_Decorator
8:45-55 SemanticTokenTypes_Decorator
8:56-59 SemanticTokenTypes_Decorator
8:60-61 SemanticTokenTypes_Operator
8:61-62 SemanticTokenTypes_Variable
8:62-63 SemanticTokenTypes_Operator

Phase: Check
1:1-2 SemanticTokenTypes_Operator
1:3-16 SemanticTokenTypes_Interface
2:1-23 SemanticTokenTypes_Decorator
3:1-41 SemanticTokenTypes_Decorator
4:1-6 SemanticTokenTypes_Keyword
4:7-8 SemanticTokenTypes_Variable
4:9-10 SemanticTokenTypes_Operator
4:10-13 SemanticTokenTypes_Decorator
4:14-19 SemanticTokenTypes_Decorator
4:20-29 SemanticTokenTypes_Decorator
4:30-32 SemanticTokenTypes_Decorator
4:33-34 SemanticTokenTypes_Operator
4:34-35 SemanticTokenTypes_Variable
4:35-36 SemanticTokenTypes_Operator
4:36-37 SemanticTokenTypes_Operator
4:38-40 SemanticTokenTypes_Keyword
4:41-42 SemanticTokenTypes_Keyword
4:43-50 SemanticTokenTypes_Type
4:50-51 SemanticTokenTypes_Operator
4:52-53 SemanticTokenTypes_Variable
4:54-56 SemanticTokenTypes_Keyword
4:57-58 SemanticTokenTypes_Keyword
4:59-66 SemanticTokenTypes_Type
4:67-83 SemanticTokenTypes_Decorator
5:1-7 SemanticTokenTypes_Keyword
5:8-9 SemanticTokenTypes_Keyword
5:10-17 SemanticTokenTypes_Type
5:18-37 SemanticTokenTypes_Decorator
6:1-7 SemanticTokenTypes_Keyword
6:8-11 SemanticTokenTypes_Function
6:12-13 SemanticTokenTypes_Variable
6:14-15 SemanticTokenTypes_Variable
6:16-18 SemanticTokenTypes_Keyword
6:20-43 SemanticTokenTypes_Decorator
7:6-7 SemanticTokenTypes_Variable
7:8-11 SemanticTokenTypes_Keyword
7:12-15 SemanticTokenTypes_Keyword
7:16-17 SemanticTokenTypes_Variable
7:18-40 SemanticTokenTypes_Decorator
8:3-5 SemanticTokenTypes_Keyword
8:6-9 SemanticTokenTypes_Keyword
8:10-11 SemanticTokenTypes_Variable
8:12-15 SemanticTokenTypes_Keyword
8:16-17 SemanticTokenTypes_Variable
8:18-22 SemanticTokenTypes_Decorator
8:23-30 SemanticTokenTypes_Decorator
8:31-40 SemanticTokenTypes_Decorator
8:41-44 SemanticTokenTypes_Decorator
8:45-55 SemanticTokenTypes_Decorator
8:56-59 SemanticTokenTypes_Decorator
8:60-61 SemanticTokenTypes_Operator
8:61-62 SemanticTokenTypes_Variable
8:62-63 SemanticTokenTypes_Operator

