`foo` with 2
`baz` with `bar`
if `bar` then 2 else 3
