Parsing successful
Typechecking successful
Evaluation successful
comparisons.l4:2:1-12:
  TRUE
comparisons.l4:3:1-12:
  TRUE
comparisons.l4:4:1-12:
  FALSE
comparisons.l4:5:1-12:
  FALSE
comparisons.l4:7:1-20:
  FALSE
comparisons.l4:8:1-16:
  FALSE
comparisons.l4:10:1-13:
  TRUE
comparisons.l4:11:1-13:
  TRUE
comparisons.l4:12:1-13:
  TRUE
comparisons.l4:13:1-13:
  FALSE
comparisons.l4:15:1-18:
  FALSE
comparisons.l4:17:1-12:
  TRUE
comparisons.l4:18:1-12:
  TRUE
comparisons.l4:19:1-12:
  FALSE
comparisons.l4:20:1-12:
  FALSE
comparisons.l4:22:1-23:
  TRUE
comparisons.l4:23:1-16:
  TRUE
comparisons.l4:25:1-13:
  TRUE
comparisons.l4:26:1-13:
  TRUE
comparisons.l4:27:1-13:
  TRUE
comparisons.l4:28:1-13:
  FALSE
comparisons.l4:30:1-19:
  FALSE
comparisons.l4:32:1-12:
  FALSE
comparisons.l4:33:1-12:
  TRUE
comparisons.l4:35:1-17:
  TRUE
comparisons.l4:37:1-20:
  TRUE
comparisons.l4:38:1-20:
  FALSE
comparisons.l4:39:1-20:
  TRUE
comparisons.l4:41:1-21:
  TRUE
comparisons.l4:42:1-21:
  TRUE
comparisons.l4:43:1-21:
  TRUE
comparisons.l4:45:1-20:
  TRUE
comparisons.l4:46:1-20:
  FALSE
comparisons.l4:47:1-20:
  FALSE
comparisons.l4:49:1-19:
  FALSE
comparisons.l4:50:1-20:
  FALSE
comparisons.l4:51:1-21:
  TRUE
comparisons.l4:52:1-20:
  TRUE
comparisons.l4:54:1-18:
  TRUE
comparisons.l4:55:1-19:
  FALSE
