Parsing successful
Typechecking successful
Evaluation successful
contract.l4:16:8-19:25:
  BOOLEAN
