`EVALCONTRACT` with `x`, list of `EVENT` with `S`, `delivery` and 5 and `EVENT` with `B`, `payment` and 42 and 5
`EVALCONTRACT` with `x`, list of `EVENT` with `S`, `delivery` and 4 and `EVENT` with `B`, `payment` and 2 and 4
