`can purchase car` where `the buyer` is `Person` with Hannes, `the seller` is `Person` with Magnus and `the amount` is 1000