Parsing successful
Typechecking successful
Evaluation successful
eval.l4:22:8-13:
  NUMBER
eval.l4:23:7-12:
  16
eval.l4:24:7-25:
  5
eval.l4:25:7-17:
  MkPair OF 1, 2
eval.l4:26:7-27:
  3
eval.l4:27:7-8:
  LIST 1, 2, 3
eval.l4:28:7-27:
  6
