`inc`
`singleton`
`five`
`six`
`sum`
`and`
Info | updateFileDiagnostics published different from new diagnostics - file diagnostics:
File: inference.l4
  Hidden:   no
  Range:    24:8-24:11
  Source:   check
  Severity: DiagnosticSeverity_Information
  Code:     <none>
  Message:  FUNCTION FROM NUMBER TO NUMBER 
File: inference.l4
  Hidden:   no
  Range:    25:8-25:17
  Source:   check
  Severity: DiagnosticSeverity_Information
  Code:     <none>
  Message:  LIST OF NUMBER 
File: inference.l4
  Hidden:   no
  Range:    26:8-26:12
  Source:   check
  Severity: DiagnosticSeverity_Information
  Code:     <none>
  Message:  NUMBER 
File: inference.l4
  Hidden:   no
  Range:    27:8-27:11
  Source:   check
  Severity: DiagnosticSeverity_Information
  Code:     <none>
  Message:  NUMBER 
File: inference.l4
  Hidden:   no
  Range:    28:8-28:11
  Source:   check
  Severity: DiagnosticSeverity_Information
  Code:     <none>
  Message:  FUNCTION FROM LIST OF NUMBER TO NUMBER 
File: inference.l4
  Hidden:   no
  Range:    29:8-29:11
  Source:   check
  Severity: DiagnosticSeverity_Information
  Code:     <none>
  Message:  FUNCTION FROM LIST OF BOOLEAN TO BOOLEAN 