`example`
`example2`
`example3`
`append` with list of 1, 2 and 3 and list of 4, 5 and 6
