Parsing successful
Typechecking successful
[1:9-13] PAIR
  [1:14-27] The Pair Of
[2:7-10] fst
  [2:11-22] the first
[3:7-10] snd
  [3:11-23] the second
