consider the case distinctions of `choice` :  when `Left` has This is attached to This is attached to `a` then `Left` with This is also attached to This is attached to `a`. when `Right` has `b` then `Right` with Might be attached to %right b% in the future
