Parsing successful
Typechecking successful
Evaluation successful
not-of.l4:1:1-15:
  FALSE
not-of.l4:2:1-19:
  TRUE
not-of.l4:3:1-18:
  FALSE
not-of.l4:4:1-25:
  TRUE
