not `TRUE`
not not `TRUE`
not `TRUE`
not not `TRUE`
