Parsing successful
Typechecking successful
Evaluation successful
operators-issue336-2.l4:16:1-15:
  FALSE
operators-issue336-2.l4:17:1-15:
  FALSE
operators-issue336-2.l4:18:1-16:
  TRUE
operators-issue336-2.l4:31:1-15:
  0
operators-issue336-2.l4:32:1-15:
  0
