Parsing successful
Typechecking successful
Evaluation successful
operators.l4:71:7-21:
  TRUE
operators.l4:72:7-21:
  TRUE
operators.l4:73:7-21:
  TRUE
operators.l4:74:7-21:
  TRUE
operators.l4:75:7-21:
  TRUE
operators.l4:76:7-21:
  TRUE
operators.l4:77:7-21:
  TRUE
operators.l4:79:7-21:
  TRUE
operators.l4:80:7-21:
  TRUE
operators.l4:81:7-21:
  TRUE
operators.l4:82:7-21:
  TRUE
operators.l4:84:7-22:
  TRUE
operators.l4:85:7-21:
  TRUE
operators.l4:86:7-22:
  TRUE
operators.l4:87:7-21:
  TRUE
operators.l4:89:7-22:
  TRUE
operators.l4:90:7-20:
  TRUE
operators.l4:91:7-20:
  TRUE
operators.l4:92:7-22:
  TRUE
operators.l4:94:7-22:
  TRUE
