Parsing successful
Typechecking successful
Evaluation successful
overloaded.l4:40:1-33:
  Vector OF 2, 4
overloaded.l4:41:8-34:
  Vector
overloaded.l4:42:1-34:
  Vector OF 1, 4
overloaded.l4:43:8-35:
  Vector
overloaded.l4:44:1-41:
  Vector OF 5, 1
overloaded.l4:45:8-42:
  Vector
overloaded.l4:46:1-34:
  Vector OF 0, 0
overloaded.l4:47:8-35:
  Vector
overloaded.l4:66:1-38:
  Vector OF 75, 50
overloaded.l4:92:1-38:
  TRUE
overloaded.l4:93:1-38:
  FALSE
overloaded.l4:94:1-38:
  FALSE
overloaded.l4:96:1-36:
  TRUE
overloaded.l4:97:1-36:
  TRUE
overloaded.l4:98:1-36:
  FALSE
overloaded.l4:100:1-41:
  FALSE
overloaded.l4:101:1-41:
  FALSE
overloaded.l4:102:1-41:
  TRUE
overloaded.l4:104:1-37:
  FALSE
overloaded.l4:105:1-37:
  TRUE
overloaded.l4:106:1-37:
  TRUE
