`insurance covered` with `Inputs` where `Loss or Damage.caused by rodents` is `FALSE`, `Loss or Damage.caused by insects` is `FALSE`, `Loss or Damage.caused by vermin` is `FALSE`, `Loss or Damage.caused by birds` is `FALSE`, `Loss or Damage.to Contents` is `FALSE`, `any other exclusion applies` is `FALSE`, `a household appliance` is `FALSE`, `a swimming pool` is `FALSE`, `a plumbing, heating, or air conditioning system` is `FALSE` and `Loss or Damage.ensuing covered loss` is `FALSE`
