DECLARE Bool IS BOOLEAN

GIVETH A Bool
true MEANS TRUE

GIVETH A BOOLEAN
false MEANS FALSE

GIVETH A LIST OF Bool
example1 MEANS LIST true, false

DECLARE LL a IS LIST OF LIST OF a

GIVETH LL OF NUMBER
example2 MEANS LIST (LIST 1)

DECLARE Predicate a  IS A FUNCTION FROM a TO BOOLEAN
DECLARE NumPredicate ^  ^ Predicate OF NUMBER

GIVETH A NumPredicate
even MEANS GIVEN x YIELD x MODULO 2 EQUALS 0

GIVETH A NumPredicate
odd  MEANS GIVEN x YIELD x MODULO 2 EQUALS 1

GIVETH LL OF A NumPredicate
example3 MEANS LIST (LIST even, odd)
